ComAp LLC,classification
GORDON ELECTRIC SUPPLY,classification
Orto de Mexico,classification
Kimball Midwest,classification
Ritz Instrument Transformers, Inc,classification
Tequipment, Touchboards,classification
Accuwright Mechanical LLC,classification
JZPE Power Transformer Inc.,classification
OTC Industrial Technologies,classification
Advanced Technology Services,classification
Total Office Solutions,classification
Direct Pallet Racking LLC,classification
Information & Computing DBA RF-SMART,classification
JD Construction Group,classification
Lapham-Hickey Steel Corp,classification
Brazos Media Technologies,classification
Mazzella Lifting Technologies, Inc.,classification
CertaPro Painter of Northern Central Texas,classification
Esteban Gildardo Valenzuela Castro,classification
Energy Services Group,classification
Texas Document Solutions Inc.,classification
Materials Transportation Company,classification
CraneTech Inc.,classification
Caldwell Electric,classification
Webco Manufacturing Inc,classification
Grones Environmental Services,classification
Belfor USA Group Inc,classification
Atco Structures & Logistics,classification
GE Grid Solutions LLC,classification
Enerpac Tool Group,classification
H2Scan Corporation,classification
_PwrQ,classification
Pfisterer Kontaktsysteme,classification
Ambassador Controls & Engineering,classification
Atlas Team Solutions,classification
Krishna Shot Blasting,classification
Byram Laboratories Inc.,classification
Power Grid Supply LLC,classification
Quantum Machinery Group,classification
Potencia Partners,classification
Panel Built Inc.,classification
Xometry, Inc.,classification
Johnson Equipment Company,classification
Shanghai Trihope International Co.,classification
IPS Packaging & Automation,classification
Circle Logistics Inc,classification
Instrument Repair & Calibration, Inc.,classification
_Ares Energy LP,classification
Four R Marketing,classification
Aurora Energy Services Inc.,classification
ALLEGIS CORPORATION,classification
GLOBAL INDUSTRIAL,classification
GRAINGER,classification
ULINE,classification
FLEX-CORE,classification
Arbon Equipment Corporation,classification
FASTENAL COMPANY,classification
SAGINAW CONTROL & ENGINEERING,classification
TEQUIPMENT,classification
MOTION INDUSTRIES,classification
GERRY POST,classification
ELLIOTT ELECTRIC SUPPLY,classification
MSC INDUSTRIAL SUPPLY CO,classification
AMERICAN BELLEVILLE,classification
eBay,classification
DB Roberts,classification
MaintainX Inc,classification
Pretreatment Equipment Manufacturing Inc.,classification
H2scan Corporation,classification
KIRK KEY INTERLOCK COMPANY LLC,classification
COOPER POWER SYSTEMS LLC,classification
