3215.1,raw_material_extraction
24880PCX1181BF23X,raw_material_extraction
(PN 2488#61HY)  24880PCX1181BF23X,raw_material_extraction
Option #1,raw_material_extraction
4030B00-CU-20-1-0,raw_material_extraction
697119_Complete,raw_material_extraction
JOB NUMBER: 2509188,raw_material_extraction
AB103520-01,raw_material_extraction
Replacement VR Parts,raw_material_extraction
1085260,raw_material_extraction
1931884,raw_material_extraction
2054074,raw_material_extraction
1980877,raw_material_extraction
1604375,raw_material_extraction
1583332,raw_material_extraction
24070003B 2407#0201,raw_material_extraction
LICENSE,raw_material_extraction
KBL010010,raw_material_extraction
Boschert Model CU-MASTER,raw_material_extraction
75% REMAINDER -  QUOTE DATED 9/26,raw_material_extraction
25 % DOWN - QUOTE DATED 9/26,raw_material_extraction
W48AC-A15BP4X5J,raw_material_extraction
Wiring Lot - West Shakopee Substation,raw_material_extraction
25 % REMAINDER - QUOTE DATED 12/16,raw_material_extraction
25 % DOWN - QUOTE DATED 12/16,raw_material_extraction
Proposal # 11097 R1,raw_material_extraction
50% @ SPLR RCT - QUOTE DATED 12/16,raw_material_extraction
Zip Tie Snips,raw_material_extraction
test lead wire cables,raw_material_extraction
1237383,raw_material_extraction
1199460,raw_material_extraction
MSHANDTO,raw_material_extraction
KDL0---20SP,raw_material_extraction
precision tool set,raw_material_extraction
DFK09,raw_material_extraction
25-6075543,raw_material_extraction
48-44-2872,raw_material_extraction
Zip Tie Mounts,raw_material_extraction
22MM Magnet,raw_material_extraction
2093221,raw_material_extraction
Spring Balancer 33-49lbs,raw_material_extraction
1972710,raw_material_extraction
warranty work,raw_material_extraction
3722426,raw_material_extraction
3613610,raw_material_extraction
Magnetic Bowls,raw_material_extraction
130W CO2 LASER TUBE,raw_material_extraction
LENS TUBE,raw_material_extraction
2096020,raw_material_extraction
4022D02-CU-20,raw_material_extraction
244037522,raw_material_extraction
4020B01-CU-15,raw_material_extraction
3996325,raw_material_extraction
1001,raw_material_extraction
1815162,raw_material_extraction
Klein Tools Wire Cutter and Stripper,raw_material_extraction
B0087EPY5W,raw_material_extraction
4018636,raw_material_extraction
12961B2,raw_material_extraction
2094469,raw_material_extraction
1206444,raw_material_extraction
Pinch Point Bar,raw_material_extraction
LPH15P99-BWHR,raw_material_extraction
1853232,raw_material_extraction
1684078,raw_material_extraction
11-20ZN,raw_material_extraction
429,raw_material_extraction
Vertical Bar Storage Rack,raw_material_extraction
499M18000,raw_material_extraction
2183188,raw_material_extraction
51305K303,raw_material_extraction
4614106,raw_material_extraction
4585547,raw_material_extraction
52LA95,raw_material_extraction
GOAB INSULATOR,raw_material_extraction
2ajk4,raw_material_extraction
4MRX2,raw_material_extraction
31MA23,raw_material_extraction
2174719,raw_material_extraction
36" Shelving,raw_material_extraction
782896000000,raw_material_extraction
782896147631,raw_material_extraction
5EU66,raw_material_extraction
16A958,raw_material_extraction
60TR46,raw_material_extraction
‎DTAHDPW03S,raw_material_extraction
Reversible Beam Clamp,raw_material_extraction
1XJR3,raw_material_extraction
1THG3,raw_material_extraction
Wire Stripper,raw_material_extraction
10F549,raw_material_extraction
39R772,raw_material_extraction
49C167,raw_material_extraction
2236740,raw_material_extraction
21CJ17,raw_material_extraction
4DCD4,raw_material_extraction
29VH70,raw_material_extraction
5E551,raw_material_extraction
4429K463,raw_material_extraction
56HD73,raw_material_extraction
SS720,raw_material_extraction
19C718,raw_material_extraction
5MM13,raw_material_extraction
489A58,raw_material_extraction
Sheet Protectors,raw_material_extraction
4429K423,raw_material_extraction
4429K414,raw_material_extraction
36G554,raw_material_extraction
1992882,raw_material_extraction
12961B,raw_material_extraction
1994750,raw_material_extraction
1995069,raw_material_extraction
60RM89,raw_material_extraction
5024WG/5802DZ-AS004,raw_material_extraction
5415K37,raw_material_extraction
2400S-16,raw_material_extraction
CWH-02-2P,raw_material_extraction
GSM30,raw_material_extraction
ART3D,raw_material_extraction
2KKU1,raw_material_extraction
19C726,raw_material_extraction
3779136,raw_material_extraction
3779141,raw_material_extraction
3779138,raw_material_extraction
3779133,raw_material_extraction
3779142,raw_material_extraction
3779129,raw_material_extraction
3784275,raw_material_extraction
25D026,raw_material_extraction
9RYJ7,raw_material_extraction
1747N53,raw_material_extraction
36G558,raw_material_extraction
31MA32,raw_material_extraction
2TDK7,raw_material_extraction
4C731,raw_material_extraction
93335A662,raw_material_extraction
2165104,raw_material_extraction
45-092,raw_material_extraction
1747N12,raw_material_extraction
821CW5,raw_material_extraction
44ZL52,raw_material_extraction
6P869,raw_material_extraction
1085267,raw_material_extraction
4880K633,raw_material_extraction
5A195,raw_material_extraction
3A514,raw_material_extraction
5388K28,raw_material_extraction
810Z70,raw_material_extraction
822CW6,raw_material_extraction
4549K595,raw_material_extraction
4549K533,raw_material_extraction
4880K43,raw_material_extraction
3KP91,raw_material_extraction
WB320753,raw_material_extraction
487V69,raw_material_extraction
4588003,raw_material_extraction
4547816,raw_material_extraction
4559255,raw_material_extraction
MSC # 02204410,raw_material_extraction
3YXK4,raw_material_extraction
MSC # 02204394,raw_material_extraction
19C746,raw_material_extraction
4638K542,raw_material_extraction
5X898,raw_material_extraction
23Z285,raw_material_extraction
2FGN8,raw_material_extraction
USSG-006-EREC,raw_material_extraction
4A854,raw_material_extraction
Wire Reel Caddy,raw_material_extraction
426G26,raw_material_extraction
2408B,raw_material_extraction
Bestgle,raw_material_extraction
8632N22,raw_material_extraction
4513686,raw_material_extraction
4458134,raw_material_extraction
2RKA024750A0001,raw_material_extraction
WBB3190815,raw_material_extraction
Qo. # 21646251 - 0020,raw_material_extraction
Qo. # 21646251 - 0010,raw_material_extraction
1APA1,raw_material_extraction
4345N15,raw_material_extraction
6JXE1,raw_material_extraction
G3314529,raw_material_extraction
2837254,raw_material_extraction
850UW1,raw_material_extraction
75510,raw_material_extraction
2775674,raw_material_extraction
2945297,raw_material_extraction
2923002,raw_material_extraction
Pro-Line Workbench,raw_material_extraction
1791350,raw_material_extraction
44605K344,raw_material_extraction
8525T342,raw_material_extraction
GJ001+GJ005GR-QY,raw_material_extraction
44605K345,raw_material_extraction
583493,raw_material_extraction
44605K346,raw_material_extraction
Pipe Cleaner,raw_material_extraction
5GUY3,raw_material_extraction
3064T33,raw_material_extraction
Avery Durable White Cover UP ID Labels Lazer 6575,raw_material_extraction
4429K298,raw_material_extraction
45-615,raw_material_extraction
Quick Grip Clamp,raw_material_extraction
2777267,raw_material_extraction
88715T713,raw_material_extraction
499508131,raw_material_extraction
OMC1 300766-030,raw_material_extraction
50785K224,raw_material_extraction
224774,raw_material_extraction
1440572,raw_material_extraction
1632253,raw_material_extraction
4934N12,raw_material_extraction
G1753552,raw_material_extraction
48" Shelving,raw_material_extraction
Irwin Vise Grip Locking Sheet Metal Tool,raw_material_extraction
5TZE0,raw_material_extraction
TP2-C,raw_material_extraction
700297,raw_material_extraction
5F100-2IL,raw_material_extraction
80028,raw_material_extraction
6000A1,raw_material_extraction
98957A735,raw_material_extraction
98957A736,raw_material_extraction
63595K43,raw_material_extraction
36LT48,raw_material_extraction
47065T839,raw_material_extraction
4638K124,raw_material_extraction
2194B,raw_material_extraction
820M29,raw_material_extraction
57115A17,raw_material_extraction
GX_000_624_002_KIRK,raw_material_extraction
2407B,raw_material_extraction
734523,raw_material_extraction
723060,raw_material_extraction
W3TSP4131,raw_material_extraction
2KB54,raw_material_extraction
1198107,raw_material_extraction
48925K13,raw_material_extraction
66049149,raw_material_extraction
Conductor Bar Upgrades,raw_material_extraction
WLB32ZC285QMC,raw_material_extraction
27575A67,raw_material_extraction
4094605,raw_material_extraction
5225K62,raw_material_extraction
Tin Foil,raw_material_extraction
1434096,raw_material_extraction
G6516286,raw_material_extraction
2164793,raw_material_extraction
One Handed Bar Clamp,raw_material_extraction
98750A080,raw_material_extraction
98750A111,raw_material_extraction
HC120-04,raw_material_extraction
2936T74,raw_material_extraction
HC120-10,raw_material_extraction
WT2000,raw_material_extraction
2094325,raw_material_extraction
98831A570,raw_material_extraction
H-1205WH-C,raw_material_extraction
50785K152,raw_material_extraction
2965447,raw_material_extraction
20-10-1053,raw_material_extraction
20-10-1052,raw_material_extraction
H-2055,raw_material_extraction
H-4794,raw_material_extraction
3559074,raw_material_extraction
11-10ZN,raw_material_extraction
HC180-10,raw_material_extraction
50785K94,raw_material_extraction
1213681,raw_material_extraction
2094329,raw_material_extraction
3092148,raw_material_extraction
1579437,raw_material_extraction
HC180-04,raw_material_extraction
HV180-06,raw_material_extraction
5485K24,raw_material_extraction
1199467,raw_material_extraction
Quote # 126,raw_material_extraction
4601090,raw_material_extraction
‎2702-5154,raw_material_extraction
5832T114,raw_material_extraction
WB251512,raw_material_extraction
749799,raw_material_extraction
2465160,raw_material_extraction
WLB32ZC285PBQMC,raw_material_extraction
01-15-1043,raw_material_extraction
3975028,raw_material_extraction
3977827,raw_material_extraction
1692036,raw_material_extraction
790611,raw_material_extraction
80029BT,raw_material_extraction
2911302,raw_material_extraction
50785K74,raw_material_extraction
80036 B,raw_material_extraction
604458,raw_material_extraction
1322684,raw_material_extraction
3127445,raw_material_extraction
1301231,raw_material_extraction
1354563,raw_material_extraction
660640,raw_material_extraction
01-15-1044,raw_material_extraction
HSQV250-12,raw_material_extraction
Yost 455,raw_material_extraction
2407B B,raw_material_extraction
16-60-1064,raw_material_extraction
HSQV250-04,raw_material_extraction
HSQV250-08,raw_material_extraction
2051663,raw_material_extraction
80027,raw_material_extraction
2052339,raw_material_extraction
3037T28,raw_material_extraction
69555K66,raw_material_extraction
HC180-06,raw_material_extraction
‎820909596172,raw_material_extraction
‎T1PC01,raw_material_extraction
HC076-03,raw_material_extraction
98831A710,raw_material_extraction
HC250-24,raw_material_extraction
44ZK23,raw_material_extraction
3794912,raw_material_extraction
3820595,raw_material_extraction
792830,raw_material_extraction
665115,raw_material_extraction
HS180-18,raw_material_extraction
3070065,raw_material_extraction
SMCO-LDH-01,raw_material_extraction
HC180-07,raw_material_extraction
2094324,raw_material_extraction
HV180-04,raw_material_extraction
855656,raw_material_extraction
‎LSQ42103,raw_material_extraction
3550T57,raw_material_extraction
530898,raw_material_extraction
509250,raw_material_extraction
1275927,raw_material_extraction
4384778,raw_material_extraction
HC062-02,raw_material_extraction
HC062-03,raw_material_extraction
02-10-1042,raw_material_extraction
02-10-1043,raw_material_extraction
S-14461,raw_material_extraction
1985436,raw_material_extraction
20-10-1057,raw_material_extraction
KAPPA 310 CUT AND STRIP MACHINE,raw_material_extraction
SIGNO READER 40,raw_material_extraction
G3938226,raw_material_extraction
WB230002,raw_material_extraction
Grip Bar Clamp,raw_material_extraction
1244976,raw_material_extraction
01-22-1053,raw_material_extraction
84001-40,raw_material_extraction
921690,raw_material_extraction
803354,raw_material_extraction
796075,raw_material_extraction
2028332,raw_material_extraction
3712N12,raw_material_extraction
1284651,raw_material_extraction
HSQV180-18,raw_material_extraction
1264172,raw_material_extraction
1158649,raw_material_extraction
1137720,raw_material_extraction
318206,raw_material_extraction
3276707,raw_material_extraction
3287332,raw_material_extraction
3032727,raw_material_extraction
16-60-1048,raw_material_extraction
852370,raw_material_extraction
G8799131,raw_material_extraction
7289K1,raw_material_extraction
55-515,raw_material_extraction
1219864,raw_material_extraction
Coil Total,raw_material_extraction
H-872,raw_material_extraction
93025A961,raw_material_extraction
H-6451,raw_material_extraction
1189751,raw_material_extraction
9060K81,raw_material_extraction
9060K82,raw_material_extraction
11055,raw_material_extraction
20-10-1056,raw_material_extraction
01-15-1035,raw_material_extraction
1648986,raw_material_extraction
ZL1DL241500LMFST12040K80CRIWH,raw_material_extraction
4001042,raw_material_extraction
1188450,raw_material_extraction
3407912,raw_material_extraction
1751897,raw_material_extraction
2671417,raw_material_extraction
2725396,raw_material_extraction
2723591,raw_material_extraction
552940,raw_material_extraction
764506,raw_material_extraction
820034,raw_material_extraction
964048,raw_material_extraction
934508,raw_material_extraction
246120,raw_material_extraction
56781,raw_material_extraction
1980753,raw_material_extraction
07-10-1175,raw_material_extraction
25004,raw_material_extraction
66130,raw_material_extraction
H-6186,raw_material_extraction
413504,raw_material_extraction
720941,raw_material_extraction
2699873,raw_material_extraction
1388371,raw_material_extraction
40,raw_material_extraction
0040,raw_material_extraction
730585,raw_material_extraction
610603,raw_material_extraction
98914A031,raw_material_extraction
1401A73,raw_material_extraction
1732874,raw_material_extraction
1743481,raw_material_extraction
1413388,raw_material_extraction
1755872,raw_material_extraction
637870,raw_material_extraction
307651-042,raw_material_extraction
2872-20,raw_material_extraction
3738607,raw_material_extraction
CPS155002-T1,raw_material_extraction
84401-40,raw_material_extraction
7292K33,raw_material_extraction
1747N25,raw_material_extraction
1231800,raw_material_extraction
1282324,raw_material_extraction
01-15-1033,raw_material_extraction
1888531,raw_material_extraction
281587,raw_material_extraction
450476,raw_material_extraction
767879,raw_material_extraction
1106454,raw_material_extraction
1164968,raw_material_extraction
719095,raw_material_extraction
1223159,raw_material_extraction
01-15-1066,raw_material_extraction
2030626,raw_material_extraction
2753955,raw_material_extraction
25-40-1012,raw_material_extraction
1985116,raw_material_extraction
1987834,raw_material_extraction
689249,raw_material_extraction
1305347,raw_material_extraction
1282325,raw_material_extraction
01-15-1032,raw_material_extraction
4429K253,raw_material_extraction
01-15-1023,raw_material_extraction
01-15-1012,raw_material_extraction
01-15-1005,raw_material_extraction
01-15-1024,raw_material_extraction
01-15-1009,raw_material_extraction
01-15-1007,raw_material_extraction
01-15-1008,raw_material_extraction
01-15-1034,raw_material_extraction
01-15-1022,raw_material_extraction
01-15-1021,raw_material_extraction
1634741,raw_material_extraction
5B30Z38890,raw_material_extraction
6MW40,raw_material_extraction
Panduit wire terminal crimper,raw_material_extraction
1462280,raw_material_extraction
11045,raw_material_extraction
987371,raw_material_extraction
3399780,raw_material_extraction
9615,raw_material_extraction
3127447,raw_material_extraction
876462,raw_material_extraction
2704828,raw_material_extraction
4056231,raw_material_extraction
4027882,raw_material_extraction
4026625,raw_material_extraction
4029266,raw_material_extraction
3952877,raw_material_extraction
4028962,raw_material_extraction
4042670,raw_material_extraction
3969168,raw_material_extraction
4149136,raw_material_extraction
3626933,raw_material_extraction
3976646,raw_material_extraction
4146511,raw_material_extraction
3544064,raw_material_extraction
1714981,raw_material_extraction
5063A11,raw_material_extraction
AC87,raw_material_extraction
2557565,raw_material_extraction
1262737,raw_material_extraction
H-7561,raw_material_extraction
2093219,raw_material_extraction
2018147,raw_material_extraction
2022393,raw_material_extraction
1192445,raw_material_extraction
1460171,raw_material_extraction
950750,raw_material_extraction
20-10-1016,raw_material_extraction
1222940,raw_material_extraction
1423449,raw_material_extraction
6mw37,raw_material_extraction
02-10-1025X **DONT USE**,raw_material_extraction
1446903,raw_material_extraction
401811,raw_material_extraction
WAGO terminal block wire tool,raw_material_extraction
02-10-1026X  **DONT USE**,raw_material_extraction
02-10-1026,raw_material_extraction
01-15-1064,raw_material_extraction
01-15-1063,raw_material_extraction
02-10-1025,raw_material_extraction
01-15-1062,raw_material_extraction
G7460627,raw_material_extraction
1733236,raw_material_extraction
799429,raw_material_extraction
14731,raw_material_extraction
3957581,raw_material_extraction
3864126,raw_material_extraction
3959740,raw_material_extraction
3960297,raw_material_extraction
3955626,raw_material_extraction
3966056,raw_material_extraction
3960052,raw_material_extraction
3959745,raw_material_extraction
3960053,raw_material_extraction
3964560,raw_material_extraction
4129474,raw_material_extraction
2869328,raw_material_extraction
2873422,raw_material_extraction
4105957,raw_material_extraction
2862845,raw_material_extraction
4182628,raw_material_extraction
3996889,raw_material_extraction
2953460,raw_material_extraction
1697670,raw_material_extraction
4260382,raw_material_extraction
556348,raw_material_extraction
700420,raw_material_extraction
700418,raw_material_extraction
700417,raw_material_extraction
104649,raw_material_extraction
104647,raw_material_extraction
3907994,raw_material_extraction
3908221,raw_material_extraction
4092153,raw_material_extraction
3921443,raw_material_extraction
2171941,raw_material_extraction
3926299,raw_material_extraction
3936875,raw_material_extraction
762382,raw_material_extraction
762381,raw_material_extraction
20-10-1033,raw_material_extraction
G5169753,raw_material_extraction
842746,raw_material_extraction
835854,raw_material_extraction
02-10-1027X  **DONT USE**,raw_material_extraction
02-10-1027,raw_material_extraction
H-9497,raw_material_extraction
2797615,raw_material_extraction
1684817,raw_material_extraction
1673929,raw_material_extraction
1292024,raw_material_extraction
77086-MP-02,raw_material_extraction
OS 77086-MP-02,raw_material_extraction
914692,raw_material_extraction
ADATAPE-SHT,raw_material_extraction
G4782732,raw_material_extraction
1239509,raw_material_extraction
1200336,raw_material_extraction
1648985,raw_material_extraction
300766-030,raw_material_extraction
FH-0420-16Z,raw_material_extraction
2721833,raw_material_extraction
1981620,raw_material_extraction
1184552,raw_material_extraction
16-60-1012,raw_material_extraction
08-60-1008,raw_material_extraction
326013,raw_material_extraction
805535,raw_material_extraction
1VB9002868R0101,raw_material_extraction
H-7071,raw_material_extraction
1371672,raw_material_extraction
4434531,raw_material_extraction
4332692,raw_material_extraction
0079000,raw_material_extraction
79000,raw_material_extraction
42531,raw_material_extraction
18729,raw_material_extraction
FH-832- 8ZI,raw_material_extraction
528468,raw_material_extraction
326129,raw_material_extraction
16-60-1017,raw_material_extraction
3376148,raw_material_extraction
2842752,raw_material_extraction
1201436,raw_material_extraction
767612,raw_material_extraction
676310,raw_material_extraction
1381911,raw_material_extraction
45-091,raw_material_extraction
100-039,raw_material_extraction
H-9284,raw_material_extraction
2674719,raw_material_extraction
2014461,raw_material_extraction
1410587,raw_material_extraction
01-15-1037,raw_material_extraction
10F548,raw_material_extraction
CT-1550,raw_material_extraction
7201160,raw_material_extraction
513837,raw_material_extraction
884133,raw_material_extraction
18732,raw_material_extraction
2335143,raw_material_extraction
2130765,raw_material_extraction
01-15-1014xop,raw_material_extraction
01-15-1018,raw_material_extraction
01-15-1018xop,raw_material_extraction
3773831,raw_material_extraction
2598490,raw_material_extraction
1262845,raw_material_extraction
810047,raw_material_extraction
752460,raw_material_extraction
AD5,raw_material_extraction
32744,raw_material_extraction
64420,raw_material_extraction
75123181011,raw_material_extraction
555587,raw_material_extraction
2995296,raw_material_extraction
326012,raw_material_extraction
2644729,raw_material_extraction
1473011,raw_material_extraction
2076596,raw_material_extraction
854586,raw_material_extraction
5722K13,raw_material_extraction
S-24861,raw_material_extraction
1172176,raw_material_extraction
1992431,raw_material_extraction
827304,raw_material_extraction
701016,raw_material_extraction
01-15-1040,raw_material_extraction
06-20-0013,raw_material_extraction
33885,raw_material_extraction
817834,raw_material_extraction
816284,raw_material_extraction
8mxy9,raw_material_extraction
16-60-1011,raw_material_extraction
2783820,raw_material_extraction
734028,raw_material_extraction
782858,raw_material_extraction
153625,raw_material_extraction
3213351,raw_material_extraction
MSC PIPE INSTALL,raw_material_extraction
4085705,raw_material_extraction
3814747,raw_material_extraction
4083948,raw_material_extraction
3800747,raw_material_extraction
3836846,raw_material_extraction
4584017,raw_material_extraction
4571542,raw_material_extraction
4071247,raw_material_extraction
4171775,raw_material_extraction
4046871,raw_material_extraction
3791366,raw_material_extraction
4460824,raw_material_extraction
4000827,raw_material_extraction
3339513,raw_material_extraction
276.6,raw_material_extraction
767234,raw_material_extraction
HX-565004,raw_material_extraction
17-40-0001,raw_material_extraction
MIL 301722,raw_material_extraction
BLD-GP-C-12X20-.750,raw_material_extraction
77086-GP-C-12X20-.750,raw_material_extraction
S-21764,raw_material_extraction
DCT,raw_material_extraction
LEDA1S35,raw_material_extraction
61110701,raw_material_extraction
Z50MB008700,raw_material_extraction
WB320753A,raw_material_extraction
2215270030,raw_material_extraction
304885,raw_material_extraction
913449,raw_material_extraction
1158331,raw_material_extraction
01-15-1061,raw_material_extraction
01-15-1058,raw_material_extraction
917-0353BX,raw_material_extraction
16-60-1014,raw_material_extraction
2716062,raw_material_extraction
1670286,raw_material_extraction
ZL1NL483000LMFSTMVOLT40K80CRIWH,raw_material_extraction
MIL 149838,raw_material_extraction
1151545,raw_material_extraction
01-15-1041,raw_material_extraction
01-15-1057,raw_material_extraction
01-15-1056,raw_material_extraction
25-40-1009,raw_material_extraction
01-15-1052,raw_material_extraction
01-15-1048,raw_material_extraction
01-15-1065,raw_material_extraction
01-15-1060,raw_material_extraction
01-15-1055,raw_material_extraction
01-15-1054,raw_material_extraction
01-15-1045,raw_material_extraction
01-15-1059,raw_material_extraction
WG12,raw_material_extraction
LCD8000,raw_material_extraction
65137,raw_material_extraction
915900043,raw_material_extraction
2137778,raw_material_extraction
1558562,raw_material_extraction
2569641,raw_material_extraction
3222516,raw_material_extraction
2809087,raw_material_extraction
2318268,raw_material_extraction
2976126,raw_material_extraction
2979199,raw_material_extraction
2979741,raw_material_extraction
489C48,raw_material_extraction
PROJECT RUNWAY,raw_material_extraction
46002,raw_material_extraction
6861411,raw_material_extraction
01117,raw_material_extraction
1117,raw_material_extraction
322071,raw_material_extraction
1008636,raw_material_extraction
06-0200-51,raw_material_extraction
11048,raw_material_extraction
H-7560,raw_material_extraction
IL30C,raw_material_extraction
01-12-1038,raw_material_extraction
01-22-1028,raw_material_extraction
WBB3190816,raw_material_extraction
584-1200HC,raw_material_extraction
01-22-1030,raw_material_extraction
798267,raw_material_extraction
WRECKING BAR,raw_material_extraction
2711P-RAAT12,raw_material_extraction
0LCH1321Z,raw_material_extraction
0LCH1323Z,raw_material_extraction
323962,raw_material_extraction
01-22-1026,raw_material_extraction
25-40-1011,raw_material_extraction
9ZN-5324,raw_material_extraction
94040,raw_material_extraction
45JX48,raw_material_extraction
25-30-1023,raw_material_extraction
7292K42,raw_material_extraction
A93191670,raw_material_extraction
RC 1/2-13-PLTD,raw_material_extraction
3PB81,raw_material_extraction
58UR82,raw_material_extraction
F44GCPNK,raw_material_extraction
10D591,raw_material_extraction
PVC-1IN,raw_material_extraction
1YNA1,raw_material_extraction
806EN6,raw_material_extraction
10D593,raw_material_extraction
1964720,raw_material_extraction
LN1-E100,raw_material_extraction
S-920,raw_material_extraction
186-851-001,raw_material_extraction
ATR 1/2-13x12 ZN,raw_material_extraction
3719A308,raw_material_extraction
76671-CP-02,raw_material_extraction
76671-CP-04,raw_material_extraction
806EN4,raw_material_extraction
WXA0501-CP,raw_material_extraction
A0501-CP,raw_material_extraction
S-20187,raw_material_extraction
S-20188,raw_material_extraction
90848060,raw_material_extraction
8400 10" X 2" (10X45.75") LDW B-CS,raw_material_extraction
77308-RP-05,raw_material_extraction
77308-RP-06,raw_material_extraction
5712A11,raw_material_extraction
280-324,raw_material_extraction
2002-1391,raw_material_extraction
WBB2100084,raw_material_extraction
Bridge Auto COnd,raw_material_extraction
55-5269,raw_material_extraction
312908109,raw_material_extraction
Prototype Copper Busbar Fixture Revision 1,raw_material_extraction
